=== after 25% of the run ===
┌ rayonette ───────────────────────────────────────────────────────────────────────────────┐┌ progress ────────────────┐
│28/120 done   0 failed   4 nodes   2.7s                                                   ││██████    28/120          │
└──────────────────────────────────────────────────────────────────────────────────────────┘└──────────────────────────┘
┌ topology ──────────────────────────────────────────────────────────────────────────┐┌ keys ──────────────────────────┐
│                              ● shared                                              ││keys                            │
│                         ⣀⡠⠤⠒⠊⠁    ⢣                                                ││Tab / S-Tab  select             │
│                   ⢀⣀⠤⠒⠊⠉           ⢣                                               ││p  pause/resume node            │
│             ⢀⣀⠤⠔⠒⠉⠁                 ⢣                                              ││k kill   d drain+kill           │
│        ⣀⡠⠤⠒⠊⠁                        ⠱⡀                                            ││space playback   q quit         │
│  ⢀⣀⠤⠒⠊⠉                               ⠱⡀                                           ││● working                       │
│● gatewayA⠤⠤⠤⠤⠤⠤⣀⣀⣀⣀⣀⣀⣀⣀⣀⣀              ⠱⡀                                          ││◉ done                          │
│                          ⠉⠉⠉⠉⠉⠉⠉⠉⠉⠉⠑⠒⠒⠒⠒⠓⡖⠒⠒⠒⠒⠤⠤⠤⠤⠤⠤⠤⠤⠤⠤⢄⣀⣀⣀⣀⣀⣀⣀⣀⣀⡀                ││○ ready / idle                  │
│                                          ⠘⡄                       ⠈⠉⠉⠉◆ coordinator││‖ paused                        │
│                                           ⠘⡄                             ⣀⡠⠤⠒⠊⠁    ││◐ draining                      │
│                                            ⠘⡄                      ⢀⣀⠤⠒⠊⠉          ││◍ provisioning                  │
│                                             ⠈⢆               ⢀⣀⠤⠔⠒⠉⠁               ││✗ lost                          │
│                                              ⠈⢆         ⣀⡠⠤⠒⠊⠁                     ││⚑ single point of failure       │
│                                               ⠈⢆  ⢀⣀⠤⠒⠊⠉                           ││                                │
│                                            ○ gatewayB                              ││                                │
└────────────────────────────────────────────────────────────────────────────────────┘└────────────────────────────────┘
┌ nodes ───────────────────────────────────────────────────────────────────────────────────────────────────────────────┐
│node                                  role       state            done  cpu   mem   gpu   lat ms  arch           flag │
│gatewayA                              Compute    Working          28    -     -     -     138.6   x86_64              │
│gatewayA/shared                       Compute    Working          28    76%   13%   -     171.5   x86_64              │
│gatewayB                              Compute    Ready            0     -     -     -     162.2   x86_64              │
│gatewayB/shared                       Compute    Ready            0     -     -     -     165.1   x86_64              │
│                                                                                                                      │
│                                                                                                                      │
│                                                                                                                      │
│                                                                                                                      │
│                                                                                                                      │
└──────────────────────────────────────────────────────────────────────────────────────────────────────────────────────┘
┌ events ──────────────────────────────────────────────────────────────────────────────────────────────────────────────┐
│progress 27/120                                                                                                       │
│shared: Idle                                                                                                          │
│shared: Working                                                                                                       │
│progress 28/120                                                                                                       │
│shared: Idle                                                                                                          │
│shared: Working                                                                                                       │
└──────────────────────────────────────────────────────────────────────────────────────────────────────────────────────┘

=== after 50% of the run ===
┌ rayonette ───────────────────────────────────────────────────────────────────────────────┐┌ progress ────────────────┐
│60/120 done   0 failed   4 nodes   3.5s                                                   ││██████████60/120          │
└──────────────────────────────────────────────────────────────────────────────────────────┘└──────────────────────────┘
┌ topology ──────────────────────────────────────────────────────────────────────────┐┌ keys ──────────────────────────┐
│                              ● shared                                              ││keys                            │
│                         ⣀⡠⠤⠒⠊⠁    ⢣                                                ││Tab / S-Tab  select             │
│                   ⢀⣀⠤⠒⠊⠉           ⢣                                               ││p  pause/resume node            │
│             ⢀⣀⠤⠔⠒⠉⠁                 ⢣                                              ││k kill   d drain+kill           │
│        ⣀⡠⠤⠒⠊⠁                        ⠱⡀                                            ││space playback   q quit         │
│  ⢀⣀⠤⠒⠊⠉                               ⠱⡀                                           ││● working                       │
│● gatewayA⠤⠤⠤⠤⠤⠤⣀⣀⣀⣀⣀⣀⣀⣀⣀⣀              ⠱⡀                                          ││◉ done                          │
│                          ⠉⠉⠉⠉⠉⠉⠉⠉⠉⠉⠑⠒⠒⠒⠒⠓⡖⠒⠒⠒⠒⠤⠤⠤⠤⠤⠤⠤⠤⠤⠤⢄⣀⣀⣀⣀⣀⣀⣀⣀⣀⡀                ││○ ready / idle                  │
│                                          ⠘⡄                       ⠈⠉⠉⠉◆ coordinator││‖ paused                        │
│                                           ⠘⡄                             ⣀⡠⠤⠒⠊⠁    ││◐ draining                      │
│                                            ⠘⡄                      ⢀⣀⠤⠒⠊⠉          ││◍ provisioning                  │
│                                             ⠈⢆               ⢀⣀⠤⠔⠒⠉⠁               ││✗ lost                          │
│                                              ⠈⢆         ⣀⡠⠤⠒⠊⠁                     ││⚑ single point of failure       │
│                                               ⠈⢆  ⢀⣀⠤⠒⠊⠉                           ││                                │
│                                            ○ gatewayB                              ││                                │
└────────────────────────────────────────────────────────────────────────────────────┘└────────────────────────────────┘
┌ nodes ───────────────────────────────────────────────────────────────────────────────────────────────────────────────┐
│node                                  role       state            done  cpu   mem   gpu   lat ms  arch           flag │
│gatewayA                              Compute    Working          60    -     -     -     138.6   x86_64              │
│gatewayA/shared                       Compute    Working          60    74%   13%   -     171.5   x86_64              │
│gatewayB                              Compute    Ready            0     -     -     -     162.2   x86_64              │
│gatewayB/shared                       Compute    Ready            0     -     -     -     165.1   x86_64              │
│                                                                                                                      │
│                                                                                                                      │
│                                                                                                                      │
│                                                                                                                      │
│                                                                                                                      │
└──────────────────────────────────────────────────────────────────────────────────────────────────────────────────────┘
┌ events ──────────────────────────────────────────────────────────────────────────────────────────────────────────────┐
│shared: Idle                                                                                                          │
│shared: Working                                                                                                       │
│progress 59/120                                                                                                       │
│shared: Idle                                                                                                          │
│shared: Working                                                                                                       │
│progress 60/120                                                                                                       │
└──────────────────────────────────────────────────────────────────────────────────────────────────────────────────────┘

=== after 75% of the run ===
┌ rayonette ───────────────────────────────────────────────────────────────────────────────┐┌ progress ────────────────┐
│90/120 done   0 failed   5 nodes   4.1s                                                   ││██████████90/120 ███      │
└──────────────────────────────────────────────────────────────────────────────────────────┘└──────────────────────────┘
┌ topology ──────────────────────────────────────────────────────────────────────────┐┌ keys ──────────────────────────┐
│● extra                                                                             ││keys                            │
│    ⠈⠉⠒⠢⠤⣀⡀                                                                         ││Tab / S-Tab  select             │
│          ⠈⠉⠑⠒⠤⢄⣀                                                                   ││p  pause/resume node            │
│                 ⠉⠑⠒⠢⠤⣀⡀                                                            ││k kill   d drain+kill           │
│                       ⠈⠉⠒⠢⠤⢄⣀                                                      ││space playback   q quit         │
│                           ⚑● gatewayB⠤⠤⠤⢄⣀⣀⣀⣀⣀⣀                                    ││● working                       │
│                                ⠘⡄              ⠉⠉⠉⠉⠉⠉⠒⠒⠒⠒⠒⠒⠢⠤⠤⠤⠤⠤⢄⣀⣀⣀⣀⣀⣀           ││◉ done                          │
│                                 ⢣                                     ◆ coordinator││○ ready / idle                  │
│                                 ⠈⡆                                               ⡇ ││‖ paused                        │
│                                  ⠸⡀                                              ⢱ ││◐ draining                      │
│                                   ⢣                                              ⢸ ││◍ provisioning                  │
│                                   ⠘⡄                                             ⢸ ││✗ lost                          │
│                                    ⢱                                             ⠸⡀││⚑ single point of failure       │
│                                 ● shared⠒⠒⠤⠤⠤⠤⠤⠤⠤⠤⠤⠤⠤⢄⣀⣀⣀⣀⣀⣀⣀⣀⣀⣀⣀                 ⡇││                                │
│                                                                  ⠉⠉⠉⠉⠉⠉⠉⠉● gatewayA││                                │
└────────────────────────────────────────────────────────────────────────────────────┘└────────────────────────────────┘
┌ nodes ───────────────────────────────────────────────────────────────────────────────────────────────────────────────┐
│node                                  role       state            done  cpu   mem   gpu   lat ms  arch           flag │
│gatewayA                              Compute    Working          81    -     -     -     138.6   x86_64              │
│gatewayA/shared                       Compute    Working          81    75%   13%   -     171.5   x86_64              │
│gatewayB                              Compute    Working          9     -     -     -     162.2   x86_64         SPOF │
│gatewayB/extra                        Compute    Working          9     0%    13%   -     178.4   x86_64              │
│gatewayB/shared                       Compute    Ready            0     -     -     -     165.1   x86_64              │
│                                                                                                                      │
│                                                                                                                      │
│                                                                                                                      │
│                                                                                                                      │
└──────────────────────────────────────────────────────────────────────────────────────────────────────────────────────┘
┌ events ──────────────────────────────────────────────────────────────────────────────────────────────────────────────┐
│shared: Idle                                                                                                          │
│shared: Working                                                                                                       │
│progress 89/120                                                                                                       │
│extra: Idle                                                                                                           │
│extra: Working                                                                                                        │
│progress 90/120                                                                                                       │
└──────────────────────────────────────────────────────────────────────────────────────────────────────────────────────┘

=== after 100% of the run ===
┌ rayonette ───────────────────────────────────────────────────────────────────────────────┐┌ progress ────────────────┐
│120/120 done   0 failed   5 nodes   4.5s                                                  ││█████████120/120 █████████│
└──────────────────────────────────────────────────────────────────────────────────────────┘└──────────────────────────┘
┌ topology ──────────────────────────────────────────────────────────────────────────┐┌ keys ──────────────────────────┐
│◉ extra                                                                             ││keys                            │
│    ⠈⠉⠒⠢⠤⣀⡀                                                                         ││Tab / S-Tab  select             │
│          ⠈⠉⠑⠒⠤⢄⣀                                                                   ││p  pause/resume node            │
│                 ⠉⠑⠒⠢⠤⣀⡀                                                            ││k kill   d drain+kill           │
│                       ⠈⠉⠒⠢⠤⢄⣀                                                      ││space playback   q quit         │
│                           ⚑◉ gatewayB⠤⠤⠤⢄⣀⣀⣀⣀⣀⣀                                    ││● working                       │
│                                ⠘⡄              ⠉⠉⠉⠉⠉⠉⠒⠒⠒⠒⠒⠒⠢⠤⠤⠤⠤⠤⢄⣀⣀⣀⣀⣀⣀           ││◉ done                          │
│                                 ⢣                                     ◆ coordinator││○ ready / idle                  │
│                                 ⠈⡆                                               ⡇ ││‖ paused                        │
│                                  ⠸⡀                                              ⢱ ││◐ draining                      │
│                                   ⢣                                              ⢸ ││◍ provisioning                  │
│                                   ⠘⡄                                             ⢸ ││✗ lost                          │
│                                    ⢱                                             ⠸⡀││⚑ single point of failure       │
│                                 ◉ shared⠒⠒⠤⠤⠤⠤⠤⠤⠤⠤⠤⠤⠤⢄⣀⣀⣀⣀⣀⣀⣀⣀⣀⣀⣀                 ⡇││                                │
│                                                                  ⠉⠉⠉⠉⠉⠉⠉⠉✗ gatewayA││                                │
└────────────────────────────────────────────────────────────────────────────────────┘└────────────────────────────────┘
┌ nodes ───────────────────────────────────────────────────────────────────────────────────────────────────────────────┐
│node                                  role       state            done  cpu   mem   gpu   lat ms  arch           flag │
│gatewayA                              Compute    Lost             86    -     -     -     138.6   x86_64              │
│gatewayA/shared                       Compute    Lost             86    75%   13%   -     171.5   x86_64              │
│gatewayB                              Compute    Done             34    -     -     -     162.2   x86_64         SPOF │
│gatewayB/extra                        Compute    Done             24    75%   13%   -     178.4   x86_64              │
│gatewayB/shared                       Compute    Done             10    75%   13%   -     165.1   x86_64              │
│                                                                                                                      │
│                                                                                                                      │
│                                                                                                                      │
│                                                                                                                      │
└──────────────────────────────────────────────────────────────────────────────────────────────────────────────────────┘
┌ events ──────────────────────────────────────────────────────────────────────────────────────────────────────────────┐
│progress 120/120                                                                                                      │
│gatewayB: Idle                                                                                                        │
│gatewayB: Done                                                                                                        │
│shared: Idle                                                                                                          │
│shared: Done                                                                                                          │
│extra: Done                                                                                                           │
└──────────────────────────────────────────────────────────────────────────────────────────────────────────────────────┘

