=== after 25% of the run ===
┌ rayonet ─────────────────────────────────────────────────────────────────────────────────┐┌ progress ────────────────┐
│28/120 done   0 failed   4 nodes   2.1s                                                   ││██████    28/120          │
└──────────────────────────────────────────────────────────────────────────────────────────┘└──────────────────────────┘
┌ topology ──────────────────────────────────────────────────────────────────────────┐┌ keys ──────────────────────────┐
│                                             gatewayA                               ││keys                            │
│                                                ╱   ──────                          ││Tab / S-Tab  select             │
│                                               ╱          ──────                    ││click        select             │
│                                              ╱                 ─────               ││hover edge   link info          │
│                                             ╱                       ──────         ││p pause   q quit                │
│                                            ╱                              ──────   ││                                │
│                                           ╱                   ──────────coordinator││green working  blue done        │
│                     ────────────────────╱╱────────────────────                     ││red lost   cyan ready           │
│gatewayB─────────────                   ╱                                           ││yellow building                 │
│   ──────                              ╱                                            ││                                │
│         ──────                       ╱                                             ││                                │
│               ─────                 ╱                                              ││                                │
│                    ──────          ╱                                               ││                                │
│                          ──────   ╱                                                ││                                │
│                               shared                                               ││                                │
└────────────────────────────────────────────────────────────────────────────────────┘└────────────────────────────────┘
┌ nodes ───────────────────────────────────────────────────────────────────────────────────────────────────────────────┐
│node                                                          role       state      done  lat ms  arch           flag │
│gatewayA                                                      Compute    Working    28    101.3   x86_64              │
│gatewayA/shared                                               Compute    Working    0     109.1   x86_64              │
│gatewayB                                                      Compute    Ready      0     107.2   x86_64              │
│gatewayB/shared                                               Compute    Ready      0     109.1   x86_64              │
│                                                                                                                      │
│                                                                                                                      │
│                                                                                                                      │
│                                                                                                                      │
│                                                                                                                      │
└──────────────────────────────────────────────────────────────────────────────────────────────────────────────────────┘
┌ events ──────────────────────────────────────────────────────────────────────────────────────────────────────────────┐
│progress 27/120                                                                                                       │
│shared: Idle                                                                                                          │
│shared: Working                                                                                                       │
│progress 28/120                                                                                                       │
│shared: Idle                                                                                                          │
│shared: Working                                                                                                       │
└──────────────────────────────────────────────────────────────────────────────────────────────────────────────────────┘

=== after 50% of the run ===
┌ rayonet ─────────────────────────────────────────────────────────────────────────────────┐┌ progress ────────────────┐
│58/120 done   0 failed   5 nodes   2.8s                                                   ││██████████58/120          │
└──────────────────────────────────────────────────────────────────────────────────────────┘└──────────────────────────┘
┌ topology ──────────────────────────────────────────────────────────────────────────┐┌ keys ──────────────────────────┐
│                                                    shared                          ││keys                            │
│                                                    ──    ──────                    ││Tab / S-Tab  select             │
│                                                 ───            ──────              ││click        select             │
│                                               ──                     ─────         ││hover edge   link info          │
│                                            ───                            ──────   ││p pause   q quit                │
│                                         ───                                gatewayA││                                │
│                                       ──                                       ──  ││green working  blue done        │
│                                    ───                                       ──    ││red lost   cyan ready           │
│                                  ──                                        ──      ││yellow building                 │
│                         ───!gatewayB                                     ──        ││                                │
│         ────────────────           ──────                              ──          ││                                │
│extra────                                 ───────                     ──            ││                                │
│                                                 ──────             ──              ││                                │
│                                                       ──────     ──                ││                                │
│                                                           coordinator              ││                                │
└────────────────────────────────────────────────────────────────────────────────────┘└────────────────────────────────┘
┌ nodes ───────────────────────────────────────────────────────────────────────────────────────────────────────────────┐
│node                                                          role       state      done  lat ms  arch           flag │
│gatewayA                                                      Compute    Working    55    101.3   x86_64              │
│gatewayA/shared                                               Compute    Working    0     109.1   x86_64              │
│gatewayB                                                      Compute    Working    3     107.2   x86_64         SPOF │
│gatewayB/extra                                                Compute    Working    0     114.4   x86_64              │
│gatewayB/shared                                               Compute    Ready      0     109.1   x86_64              │
│                                                                                                                      │
│                                                                                                                      │
│                                                                                                                      │
│                                                                                                                      │
└──────────────────────────────────────────────────────────────────────────────────────────────────────────────────────┘
┌ events ──────────────────────────────────────────────────────────────────────────────────────────────────────────────┐
│progress 57/120                                                                                                       │
│extra: Idle                                                                                                           │
│extra: Working                                                                                                        │
│progress 58/120                                                                                                       │
│shared: Idle                                                                                                          │
│shared: Working                                                                                                       │
└──────────────────────────────────────────────────────────────────────────────────────────────────────────────────────┘

=== after 75% of the run ===
┌ rayonet ─────────────────────────────────────────────────────────────────────────────────┐┌ progress ────────────────┐
│89/120 done   0 failed   5 nodes   3.2s                                                   ││██████████89/120 ██       │
└──────────────────────────────────────────────────────────────────────────────────────────┘└──────────────────────────┘
┌ topology ──────────────────────────────────────────────────────────────────────────┐┌ keys ──────────────────────────┐
│                                                    shared                          ││keys                            │
│                                                    ──    ──────                    ││Tab / S-Tab  select             │
│                                                 ───            ──────              ││click        select             │
│                                               ──                     ─────         ││hover edge   link info          │
│                                            ───                            ──────   ││p pause   q quit                │
│                                         ───                                gatewayA││                                │
│                                       ──                                       ──  ││green working  blue done        │
│                                    ───                                       ──    ││red lost   cyan ready           │
│                                  ──                                        ──      ││yellow building                 │
│                         ───!gatewayB                                     ──        ││                                │
│         ────────────────           ──────                              ──          ││                                │
│extra────                                 ───────                     ──            ││                                │
│                                                 ──────             ──              ││                                │
│                                                       ──────     ──                ││                                │
│                                                           coordinator              ││                                │
└────────────────────────────────────────────────────────────────────────────────────┘└────────────────────────────────┘
┌ nodes ───────────────────────────────────────────────────────────────────────────────────────────────────────────────┐
│node                                                          role       state      done  lat ms  arch           flag │
│gatewayA                                                      Compute    Lost       69    101.3   x86_64              │
│gatewayA/shared                                               Compute    Lost       0     109.1   x86_64              │
│gatewayB                                                      Compute    Working    20    107.2   x86_64         SPOF │
│gatewayB/extra                                                Compute    Working    0     114.4   x86_64              │
│gatewayB/shared                                               Compute    Working    0     109.1   x86_64              │
│                                                                                                                      │
│                                                                                                                      │
│                                                                                                                      │
│                                                                                                                      │
└──────────────────────────────────────────────────────────────────────────────────────────────────────────────────────┘
┌ events ──────────────────────────────────────────────────────────────────────────────────────────────────────────────┐
│extra: Idle                                                                                                           │
│extra: Working                                                                                                        │
│progress 88/120                                                                                                       │
│shared: Idle                                                                                                          │
│shared: Working                                                                                                       │
│progress 89/120                                                                                                       │
└──────────────────────────────────────────────────────────────────────────────────────────────────────────────────────┘

=== after 100% of the run ===
┌ rayonet ─────────────────────────────────────────────────────────────────────────────────┐┌ progress ────────────────┐
│120/120 done   0 failed   5 nodes   3.6s                                                  ││█████████120/120 █████████│
└──────────────────────────────────────────────────────────────────────────────────────────┘└──────────────────────────┘
┌ topology ──────────────────────────────────────────────────────────────────────────┐┌ keys ──────────────────────────┐
│                                                    shared                          ││keys                            │
│                                                    ──    ──────                    ││Tab / S-Tab  select             │
│                                                 ───            ──────              ││click        select             │
│                                               ──                     ─────         ││hover edge   link info          │
│                                            ───                            ──────   ││p pause   q quit                │
│                                         ───                                gatewayA││                                │
│                                       ──                                       ──  ││green working  blue done        │
│                                    ───                                       ──    ││red lost   cyan ready           │
│                                  ──                                        ──      ││yellow building                 │
│                         ───!gatewayB                                     ──        ││                                │
│         ────────────────           ──────                              ──          ││                                │
│extra────                                 ───────                     ──            ││                                │
│                                                 ──────             ──              ││                                │
│                                                       ──────     ──                ││                                │
│                                                           coordinator              ││                                │
└────────────────────────────────────────────────────────────────────────────────────┘└────────────────────────────────┘
┌ nodes ───────────────────────────────────────────────────────────────────────────────────────────────────────────────┐
│node                                                          role       state      done  lat ms  arch           flag │
│gatewayA                                                      Compute    Lost       69    101.3   x86_64              │
│gatewayA/shared                                               Compute    Lost       0     109.1   x86_64              │
│gatewayB                                                      Compute    Done       51    107.2   x86_64         SPOF │
│gatewayB/extra                                                Compute    Done       0     114.4   x86_64              │
│gatewayB/shared                                               Compute    Done       0     109.1   x86_64              │
│                                                                                                                      │
│                                                                                                                      │
│                                                                                                                      │
│                                                                                                                      │
└──────────────────────────────────────────────────────────────────────────────────────────────────────────────────────┘
┌ events ──────────────────────────────────────────────────────────────────────────────────────────────────────────────┐
│progress 120/120                                                                                                      │
│gatewayB: Idle                                                                                                        │
│gatewayB: Done                                                                                                        │
│shared: Idle                                                                                                          │
│shared: Done                                                                                                          │
│extra: Done                                                                                                           │
└──────────────────────────────────────────────────────────────────────────────────────────────────────────────────────┘

